Microchip MPLAB XC8 Compiler V3.10

Linker command line:

-W-3 \
  --edf=C:\Program Files\Microchip\xc8\v3.10\pic\dat\20250813170317_en.msgs \
  -cn -h+dist/default/production\CarBlackbox.X.production.sym \
  --cmf=dist/default/production\CarBlackbox.X.production.cmf -z -Q16F877A \
  -oC:\Users\DATTTA\AppData\Local\Temp\xcAsiwk.0\driver_tmp_3.o \
  --defsym=__MPLAB_BUILD=1 --fixupoverflow=error \
  -Mdist/default/production/CarBlackbox.X.production.map \
  --md=C:\Users\DATTTA\AppData\Local\Temp\xcAsiwk.0\driver_tmp_0.dat -E1 \
  -ver=XC8 Compiler -ACODE=00h-07FFhx4 -ASTRCODE=00h-01FFFh \
  -ASTRING=00h-0FFhx32 -ACONST=00h-0FFhx32 -AENTRY=00h-0FFhx32 \
  -ACOMMON=070h-07Fh -ABANK0=020h-06Fh -ABANK1=0A0h-0EFh \
  -ABANK2=0110h-016Fh -ABANK3=0190h-01EFh \
  -ARAM=020h-06Fh,0A0h-0EFh,0110h-016Fh,0190h-01EFh \
  -AABS1=020h-07Fh,0A0h-0EFh,0110h-016Fh,0190h-01EFh -ASFR0=00h-01Fh \
  -ASFR1=080h-09Fh -ASFR2=0100h-010Fh -ASFR3=0180h-018Fh \
  -ACONFIG=02007h-02007h -DCONFIG=2 -AIDLOC=02000h-02003h -DIDLOC=2 \
  -AEEDATA=00h-0FFh/02100h -peeprom_data=EEDATA -DEEDATA=2 -DCODE=2 \
  -DSTRCODE=2 -DSTRING=2 -DCONST=2 -DENTRY=2 \
  -preset_vec=00h,intentry=04h,sivt,init,end_init -ppowerup=CODE \
  -pcinit=CODE -pfunctab=ENTRY -k \
  C:\Users\DATTTA\AppData\Local\Temp\xcAsiwk.0\driver_tmp_12.o \
  dist/default/production\CarBlackbox.X.production.o 

Object code version is 3.11

Machine type is 16F877A



                Name                               Link     Load   Length Selector   Space Scale
C:\Users\DATTTA\AppData\Local\Temp\xcAsiwk.0\driver_tmp_12.o
                end_init                              C        C        3        8       0
                reset_vec                             0        0        3        0       0
                config                             2007     2007        1        0       4
dist/default/production\CarBlackbox.X.production.o
                cinit                                 F        F       3C        8       0
                intentry                              4        4        8        8       0
                config                             2007     2007        1        0       4
                text54                             165C     165C       39     2CB8       0
                text53                             16CF     16CF       44     2D9E       0
                text52                             15B9     15B9       36     2B72       0
                text51                             14C2     14C2       2F     2984       0
                text50                             12F6     12F6       13     25EC       0
                text49                             12D3     12D3       11     25A6       0
                text48                             12C6     12C6        D     258C       0
                text47                             13B3     13B3       21     2766       0
                text46                             127E     127E        9     24FC       0
                text45                             1287     1287        9     250E       0
                text44                             129A     129A        B     2534       0
                text43                             12A5     12A5        B     254A       0
                text42                             146C     146C       2B     28D8       0
                text41                             1345     1345       18     268A       0
                text40                             14F1     14F1       30     29E2       0
                text39                             141E     141E       26     283C       0
                text38                              5B5      5B5       4B        8       0
                text37                              C00      C00      12C     1800       0
                text36                              937      937       65     126E       0
                text35                              824      824       57     1048       0
                text34                              E7C      E7C      184     1CF8       0
                text33                             1521     1521       32     2A42       0
                text32                             17AF     17AF       51     2F5E       0
                text31                             1497     1497       2B     292E       0
                text30                             1713     1713       4D     2E26       0
                text29                              87B      87B       59     10F6       0
                text28                             12B0     12B0        B     2560       0
                text27                             1444     1444       28     2888       0
                text26                             13D4     13D4       25     27A8       0
                text25                             1625     1625       37     2C4A       0
                text24                              D2C      D2C      150     1A58       0
                text23                             1267     1267        7     24CE       0
                text22                              8D4      8D4       63     11A8       0
                text21                             12BB     12BB        B     2576       0
                text20                             1261     1261        6     24C2       0
                text19                             1376     1376       1E     26EC       0
                text18                             12E4     12E4       12     25C8       0
                text17                              A01      A01       66     1402       0
                text16                             1585     1585       34     2B0A       0
                text15                             1290     1290        A     2520       0
                text14                             1553     1553       32     2AA6       0
                text13                             1695     1695       3A     2D2A       0
                text12                             13F9     13F9       25     27F2       0
                text11                             1309     1309       13     2612       0
                text10                             15EF     15EF       36     2BDE       0
                text9                              135D     135D       19     26BA       0
                text8                               53A      53A       7B        8       0
                text7                               A67      A67       C9     14CE       0
                text6                              1394     1394       1F     2728       0
                text5                               99C      99C       65     1338       0
                text4                               2C6      2C6      274        8       0
                text3                               803      803       21     1006       0
                text2                               B30      B30       D0     1660       0
                text1                              1760     1760       4F     2EC0       0
                maintext                             4B       4B      27B        8       0
                cstackBANK0                          45       45       20       20       1
                cstackCOMMON                         70       70        9       70       1
                clrtext                            126E     126E        8     24DC       0
                inittext                           131C     131C       13     2638       0
                dataBANK1                            A0       A0       16       A0       1
                bssBANK1                             B6       B6       13       A0       1
                dataBANK0                            65       65        8       20       1
                bssBANK0                             20       20       25       20       1
                dataCOMMON                           79       79        2       70       1
                bssCOMMON                            7B       7B        1       70       1
                stringtext                          600      600      1EE        C       0
                strings                             7EE      7EE       12      FDC       0
                idataBANK1                         132F     132F       16     265E       0
                idataBANK0                         1276     1276        8     24EC       0
                idataCOMMON                         801      801        2     1002       0

TOTAL           Name                               Link     Load   Length     Space
        CLASS   CODE           
                end_init                              C        C        3         0
                cinit                                 F        F       3C         0
                intentry                              4        4        8         0
                reset_vec                             0        0        3         0
                text54                             165C     165C       39         0
                text53                             16CF     16CF       44         0
                text52                             15B9     15B9       36         0
                text51                             14C2     14C2       2F         0
                text50                             12F6     12F6       13         0
                text49                             12D3     12D3       11         0
                text48                             12C6     12C6        D         0
                text47                             13B3     13B3       21         0
                text46                             127E     127E        9         0
                text45                             1287     1287        9         0
                text44                             129A     129A        B         0
                text43                             12A5     12A5        B         0
                text42                             146C     146C       2B         0
                text41                             1345     1345       18         0
                text40                             14F1     14F1       30         0
                text39                             141E     141E       26         0
                text38                              5B5      5B5       4B         0
                text37                              C00      C00      12C         0
                text36                              937      937       65         0
                text35                              824      824       57         0
                text34                              E7C      E7C      184         0
                text33                             1521     1521       32         0
                text32                             17AF     17AF       51         0
                text31                             1497     1497       2B         0
                text30                             1713     1713       4D         0
                text29                              87B      87B       59         0
                text28                             12B0     12B0        B         0
                text27                             1444     1444       28         0
                text26                             13D4     13D4       25         0
                text25                             1625     1625       37         0
                text24                              D2C      D2C      150         0
                text23                             1267     1267        7         0
                text22                              8D4      8D4       63         0
                text21                             12BB     12BB        B         0
                text20                             1261     1261        6         0
                text19                             1376     1376       1E         0
                text18                             12E4     12E4       12         0
                text17                              A01      A01       66         0
                text16                             1585     1585       34         0
                text15                             1290     1290        A         0
                text14                             1553     1553       32         0
                text13                             1695     1695       3A         0
                text12                             13F9     13F9       25         0
                text11                             1309     1309       13         0
                text10                             15EF     15EF       36         0
                text9                              135D     135D       19         0
                text8                               53A      53A       7B         0
                text7                               A67      A67       C9         0
                text6                              1394     1394       1F         0
                text5                               99C      99C       65         0
                text4                               2C6      2C6      274         0
                text3                               803      803       21         0
                text2                               B30      B30       D0         0
                text1                              1760     1760       4F         0
                maintext                             4B       4B      27B         0
                clrtext                            126E     126E        8         0
                inittext                           131C     131C       13         0
                idataBANK1                         132F     132F       16         0
                idataBANK0                         1276     1276        8         0
                idataCOMMON                         801      801        2         0

        CLASS   STRCODE        
                stringtext                          600      600      1EE         0

        CLASS   STRING         
                strings                             7EE      7EE       12         0

        CLASS   CONST          

        CLASS   ENTRY          

        CLASS   COMMON         
                cstackCOMMON                         70       70        9         1
                dataCOMMON                           79       79        2         1
                bssCOMMON                            7B       7B        1         1

        CLASS   BANK0          
                cstackBANK0                          45       45       20         1
                dataBANK0                            65       65        8         1
                bssBANK0                             20       20       25         1

        CLASS   BANK1          
                dataBANK1                            A0       A0       16         1
                bssBANK1                             B6       B6       13         1

        CLASS   BANK2          

        CLASS   BANK3          

        CLASS   RAM            

        CLASS   ABS1           
                abs_s1                               7E       7E        2         1

        CLASS   SFR0           

        CLASS   SFR1           

        CLASS   SFR2           

        CLASS   SFR3           

        CLASS   CONFIG         
                config                             2007     2007        1         4

        CLASS   IDLOC          

        CLASS   EEDATA         

        CLASS   HEAP           

        CLASS   STACK          



SEGMENTS        Name                           Load    Length   Top    Selector   Space  Class     Delta

                reset_vec                      000000  000003  000003         0       0  CODE        2
                intentry                       000004  0005FC  000600         8       0  CODE        2
                bssBANK0                       000020  00004D  00006D        20       1  BANK0       1
                cstackCOMMON                   000070  00000C  00007C        70       1  COMMON      1
                dataBANK1                      0000A0  000029  0000C9        A0       1  BANK1       1
                stringtext                     000600  0001EE  0007EE         C       0  STRCODE     2
                strings                        0007EE  000012  000800       FDC       0  STRING      2
                idataCOMMON                    000801  000002  000803      1002       0  CODE        2
                text3                          000803  000021  000824      1006       0  CODE        2
                text35                         000824  000057  00087B      1048       0  CODE        2
                text29                         00087B  000059  0008D4      10F6       0  CODE        2
                text22                         0008D4  000063  000937      11A8       0  CODE        2
                text36                         000937  000065  00099C      126E       0  CODE        2
                text5                          00099C  000065  000A01      1338       0  CODE        2
                text17                         000A01  000066  000A67      1402       0  CODE        2
                text7                          000A67  0000C9  000B30      14CE       0  CODE        2
                text2                          000B30  0000D0  000C00      1660       0  CODE        2
                text37                         000C00  00012C  000D2C      1800       0  CODE        2
                text24                         000D2C  000150  000E7C      1A58       0  CODE        2
                text34                         000E7C  000184  001000      1CF8       0  CODE        2
                text20                         001261  000006  001267      24C2       0  CODE        2
                text23                         001267  000007  00126E      24CE       0  CODE        2
                clrtext                        00126E  000008  001276      24DC       0  CODE        2
                idataBANK0                     001276  000008  00127E      24EC       0  CODE        2
                text46                         00127E  000009  001287      24FC       0  CODE        2
                text45                         001287  000009  001290      250E       0  CODE        2
                text15                         001290  00000A  00129A      2520       0  CODE        2
                text44                         00129A  00000B  0012A5      2534       0  CODE        2
                text43                         0012A5  00000B  0012B0      254A       0  CODE        2
                text28                         0012B0  00000B  0012BB      2560       0  CODE        2
                text21                         0012BB  00000B  0012C6      2576       0  CODE        2
                text48                         0012C6  00000D  0012D3      258C       0  CODE        2
                text49                         0012D3  000011  0012E4      25A6       0  CODE        2
                text18                         0012E4  000012  0012F6      25C8       0  CODE        2
                text50                         0012F6  000013  001309      25EC       0  CODE        2
                text11                         001309  000013  00131C      2612       0  CODE        2
                inittext                       00131C  000013  00132F      2638       0  CODE        2
                idataBANK1                     00132F  000016  001345      265E       0  CODE        2
                text41                         001345  000018  00135D      268A       0  CODE        2
                text9                          00135D  000019  001376      26BA       0  CODE        2
                text19                         001376  00001E  001394      26EC       0  CODE        2
                text6                          001394  00001F  0013B3      2728       0  CODE        2
                text47                         0013B3  000021  0013D4      2766       0  CODE        2
                text26                         0013D4  000025  0013F9      27A8       0  CODE        2
                text12                         0013F9  000025  00141E      27F2       0  CODE        2
                text39                         00141E  000026  001444      283C       0  CODE        2
                text27                         001444  000028  00146C      2888       0  CODE        2
                text42                         00146C  00002B  001497      28D8       0  CODE        2
                text31                         001497  00002B  0014C2      292E       0  CODE        2
                text51                         0014C2  00002F  0014F1      2984       0  CODE        2
                text40                         0014F1  000030  001521      29E2       0  CODE        2
                text33                         001521  000032  001553      2A42       0  CODE        2
                text14                         001553  000032  001585      2AA6       0  CODE        2
                text16                         001585  000034  0015B9      2B0A       0  CODE        2
                text52                         0015B9  000036  0015EF      2B72       0  CODE        2
                text10                         0015EF  000036  001625      2BDE       0  CODE        2
                text25                         001625  000037  00165C      2C4A       0  CODE        2
                text54                         00165C  000039  001695      2CB8       0  CODE        2
                text13                         001695  00003A  0016CF      2D2A       0  CODE        2
                text53                         0016CF  000044  001713      2D9E       0  CODE        2
                text30                         001713  00004D  001760      2E26       0  CODE        2
                text1                          001760  00004F  0017AF      2EC0       0  CODE        2
                text32                         0017AF  000051  001800      2F5E       0  CODE        2


UNUSED ADDRESS RANGES

        Name                Unused          Largest block    Delta
        BANK0            006D-006F              3           1
        BANK1            00C9-00EF             27           1
        BANK2            0110-016F             60           1
        BANK3            0190-01EF             60           1
        CODE             0003-0003              1           2
                         0800-0800              1
                         1000-1260            261
                         1800-1FFF            800
        COMMON           007C-007D              2           1
        CONST            0003-0003              1           2
                         0800-0800              1
                         1000-1260            100
                         1800-1FFF            100
        EEDATA           2100-21FF            100           2
        ENTRY            0003-0003              1           2
                         0800-0800              1
                         1000-1260            100
                         1800-1FFF            100
        IDLOC            2000-2003              4           2
        RAM              006D-006F              3           1
                         00C9-00EF             27
                         0110-016F             60
                         0190-01EF             60
        SFR0             0000-001F             20           1
        SFR1             0080-009F             20           1
        SFR2             0100-010F             10           1
        SFR3             0180-018F             10           1
        STRCODE          0003-0003              1           2
                         0800-0800              1
                         1000-1260            261
                         1800-1FFF            800
        STRING           0003-0003              1           2
                         0800-0800              1
                         1000-1260            100
                         1800-1FFF            100

                                  Symbol Table

?___awdiv                             cstackCOMMON 0072
?___awmod                             cstackCOMMON 0072
?___lldiv                             cstackBANK0  0045
?___lwdiv                             cstackBANK0  0045
?___wmul                              cstackCOMMON 0072
?_read_adc                            cstackCOMMON 0072
?_strncmp                             cstackCOMMON 0072
_ACKDT                                (abs)        048D
_ACKEN                                (abs)        048C
_ACKSTAT                              (abs)        048E
_ADCON0                               (abs)        001F
_ADFM                                 (abs)        04FF
_ADON                                 (abs)        00F8
_ADRESH                               (abs)        001E
_ADRESL                               (abs)        009E
_CREN                                 (abs)        00C4
_GIE                                  (abs)        005F
_GO                                   (abs)        00FA
_PEIE                                 (abs)        005E
_PEN                                  (abs)        048A
_PORTB                                (abs)        0006
_PORTD                                (abs)        0008
_PR2                                  (abs)        0092
_RCEN                                 (abs)        048B
_RCIF                                 (abs)        0065
_RCREG                                (abs)        001A
_RE1                                  (abs)        0049
_RE2                                  (abs)        004A
_R_nW                                 (abs)        04A2
_SEN                                  (abs)        0488
_SPBRG                                (abs)        0099
_SPEN                                 (abs)        00C7
_SSPADD                               (abs)        0093
_SSPBUF                               (abs)        0013
_SSPCON2                              (abs)        0091
_SSPEN                                (abs)        00A5
_SSPM3                                (abs)        00A3
_TMR2IE                               (abs)        0461
_TMR2IF                               (abs)        0061
_TMR2ON                               (abs)        0092
_TRISB                                (abs)        0086
_TRISD                                (abs)        0088
_TRISE1                               (abs)        0449
_TRISE2                               (abs)        044A
_TXIF                                 (abs)        0064
_TXREG                                (abs)        0019
__H__absolute__                       __absolute__ 0000
__Habs1                               abs1         0000
__Hbank0                              bank0        0000
__Hbank1                              bank1        0000
__Hbank2                              bank2        0000
__Hbank3                              bank3        0000
__HbssBANK0                           bssBANK0     0000
__HbssBANK1                           bssBANK1     0000
__HbssCOMMON                          bssCOMMON    0000
__Hcinit                              cinit        004B
__Hclrtext                            clrtext      0000
__Hcode                               code         0000
__Hcommon                             common       0000
__Hconfig                             config       2008
__HcstackBANK0                        cstackBANK0  0000
__HcstackCOMMON                       cstackCOMMON 0000
__HdataBANK0                          dataBANK0    0000
__HdataBANK1                          dataBANK1    0000
__HdataCOMMON                         dataCOMMON   0000
__Heeprom_data                        eeprom_data  0000
__Hend_init                           end_init     000F
__Hfunctab                            functab      0000
__Hheap                               heap         0000
__HidataBANK0                         idataBANK0   0000
__HidataBANK1                         idataBANK1   0000
__HidataCOMMON                        idataCOMMON  0000
__Hinit                               init         000C
__Hinittext                           inittext     0000
__Hintentry                           intentry     000C
__Hmaintext                           maintext     0000
__Hpowerup                            powerup      0000
__Hram                                ram          0000
__Hreset_vec                          reset_vec    0003
__Hsfr0                               sfr0         0000
__Hsfr1                               sfr1         0000
__Hsfr2                               sfr2         0000
__Hsfr3                               sfr3         0000
__Hsivt                               sivt         000C
__Hspace_0                            (abs)        1800
__Hspace_1                            (abs)        00C9
__Hspace_2                            (abs)        0000
__Hspace_3                            (abs)        0000
__Hspace_4                            (abs)        400F
__Hstack                              stack        0000
__Hstrings                            strings      0000
__Hstringtext                         stringtext   0000
__Htext                               text         0000
__L__absolute__                       __absolute__ 0000
__Labs1                               abs1         0000
__Lbank0                              bank0        0000
__Lbank1                              bank1        0000
__Lbank2                              bank2        0000
__Lbank3                              bank3        0000
__LbssBANK0                           bssBANK0     0000
__LbssBANK1                           bssBANK1     0000
__LbssCOMMON                          bssCOMMON    0000
__Lcinit                              cinit        000F
__Lclrtext                            clrtext      0000
__Lcode                               code         0000
__Lcommon                             common       0000
__Lconfig                             config       0000
__LcstackBANK0                        cstackBANK0  0000
__LcstackCOMMON                       cstackCOMMON 0000
__LdataBANK0                          dataBANK0    0000
__LdataBANK1                          dataBANK1    0000
__LdataCOMMON                         dataCOMMON   0000
__Leeprom_data                        eeprom_data  0000
__Lend_init                           end_init     000C
__Lfunctab                            functab      0000
__Lheap                               heap         0000
__LidataBANK0                         idataBANK0   0000
__LidataBANK1                         idataBANK1   0000
__LidataCOMMON                        idataCOMMON  0000
__Linit                               init         000C
__Linittext                           inittext     0000
__Lintentry                           intentry     0004
__Lmaintext                           maintext     0000
__Lpowerup                            powerup      0000
__Lram                                ram          0000
__Lreset_vec                          reset_vec    0000
__Lsfr0                               sfr0         0000
__Lsfr1                               sfr1         0000
__Lsfr2                               sfr2         0000
__Lsfr3                               sfr3         0000
__Lsivt                               sivt         000C
__Lspace_0                            (abs)        0000
__Lspace_1                            (abs)        0000
__Lspace_2                            (abs)        0000
__Lspace_3                            (abs)        0000
__Lspace_4                            (abs)        0000
__Lstack                              stack        0000
__Lstrings                            strings      0000
__Lstringtext                         stringtext   0000
__Ltext                               text         0000
__S0                                  (abs)        1800
__S1                                  (abs)        00C9
__S3                                  (abs)        0000
___awdiv                              text36       0937
___awdiv@counter                      cstackBANK0  0045
___awdiv@dividend                     cstackCOMMON 0074
___awdiv@divisor                      cstackCOMMON 0072
___awdiv@quotient                     cstackBANK0  0047
___awdiv@sign                         cstackBANK0  0046
___awmod                              text35       0824
___awmod@counter                      cstackCOMMON 0076
___awmod@dividend                     cstackCOMMON 0074
___awmod@divisor                      cstackCOMMON 0072
___awmod@sign                         cstackCOMMON 0077
___bmul                               text11       1309
___bmul@multiplicand                  cstackCOMMON 0072
___bmul@multiplier                    cstackCOMMON 0074
___bmul@product                       cstackCOMMON 0073
___heap_hi                            (abs)        0000
___heap_lo                            (abs)        0000
___int_sp                             stack        0000
___int_stack_hi                       stack        0000
___int_stack_lo                       stack        0000
___latbits                            (abs)        0002
___lldiv                              text17       0A01
___lldiv@counter                      cstackCOMMON 0077
___lldiv@dividend                     cstackBANK0  0049
___lldiv@divisor                      cstackBANK0  0045
___lldiv@quotient                     cstackCOMMON 0073
___lwdiv                              text53       16CF
___lwdiv@counter                      cstackBANK0  004B
___lwdiv@dividend                     cstackBANK0  0047
___lwdiv@divisor                      cstackBANK0  0045
___lwdiv@quotient                     cstackBANK0  0049
___sp                                 stack        0000
___stack_hi                           stack        0000
___stack_lo                           stack        0000
___stackhi                            (abs)        0000
___stacklo                            (abs)        0000
___wmul                               text26       13D4
___wmul@multiplicand                  cstackCOMMON 0074
___wmul@multiplier                    cstackCOMMON 0072
___wmul@product                       cstackCOMMON 0076
__end_of___awdiv                      text36       099C
__end_of___awmod                      text35       087B
__end_of___bmul                       text11       131C
__end_of___lldiv                      text17       0A67
__end_of___lwdiv                      text53       1713
__end_of___wmul                       text26       13F9
__end_of__initialization              cinit        0047
__end_of__stringtab                   strings      0800
__end_of_change_password              text37       0D2C
__end_of_check_password               text34       1000
__end_of_clcd_print                   text51       14F1
__end_of_clcd_putch                   text50       1309
__end_of_clcd_write                   text52       15EF
__end_of_clear_log                    text33       1553
__end_of_clear_screen                 text49       12E4
__end_of_display_dashboard            text29       08D4
__end_of_display_log                  text2        0C00
__end_of_display_time                 text32       1800
__end_of_download_log                 text24       0E7C
__end_of_i2c_read                     text47       13D4
__end_of_i2c_rep_start                text44       12A5
__end_of_i2c_start                    text46       1287
__end_of_i2c_stop                     text45       1290
__end_of_i2c_wait_for_idle            text48       12D3
__end_of_i2c_write                    text43       12B0
__end_of_init_adc                     text23       126E
__end_of_init_clcd                    text21       12C6
__end_of_init_config                  text13       16CF
__end_of_init_digital_keypad          text20       1267
__end_of_init_display_controller      text22       0937
__end_of_init_ds1307                  text18       12F6
__end_of_init_i2c                     text16       15B9
__end_of_init_password                text12       141E
__end_of_init_timer2                  text15       129A
__end_of_init_uart                    text14       1585
__end_of_isr                          text54       1695
__end_of_load_password                text41       135D
__end_of_log_event                    text8        05B5
__end_of_main                         maintext     02C6
__end_of_menu_screen                  text7        0B30
__end_of_putchar                      text28       12BB
__end_of_puts                         text27       146C
__end_of_read_adc                     text6        13B3
__end_of_read_digital_keypad          text5        0A01
__end_of_read_ds1307                  text31       14C2
__end_of_read_external_eeprom         text42       1497
__end_of_read_log                     text25       165C
__end_of_read_time                    text30       1760
__end_of_save_password                text39       1444
__end_of_set_time                     text4        053A
__end_of_strcpy                       text3        0824
__end_of_strncmp                      text38       0600
__end_of_strncpy                      text10       1625
__end_of_view_log                     text1        17AF
__end_of_write_ds1307                 text19       1394
__end_of_write_external_eeprom        text40       1521
__end_of_write_external_eeprom_string text9        1376
__initialization                      cinit        000F
__pbssBANK0                           bssBANK0     0020
__pbssBANK1                           bssBANK1     00B6
__pbssCOMMON                          bssCOMMON    007B
__pcstackBANK0                        cstackBANK0  0045
__pcstackCOMMON                       cstackCOMMON 0070
__pdataBANK0                          dataBANK0    0065
__pdataBANK1                          dataBANK1    00A0
__pdataCOMMON                         dataCOMMON   0079
__pidataBANK0                         idataBANK0   1276
__pidataBANK1                         idataBANK1   132F
__pidataCOMMON                        idataCOMMON  0801
__pintentry                           intentry     0004
__pmaintext                           maintext     004B
__pstrings                            strings      07EE
__pstringtext                         stringtext   0600
__ptext1                              text1        1760
__ptext10                             text10       15EF
__ptext11                             text11       1309
__ptext12                             text12       13F9
__ptext13                             text13       1695
__ptext14                             text14       1553
__ptext15                             text15       1290
__ptext16                             text16       1585
__ptext17                             text17       0A01
__ptext18                             text18       12E4
__ptext19                             text19       1376
__ptext2                              text2        0B30
__ptext20                             text20       1261
__ptext21                             text21       12BB
__ptext22                             text22       08D4
__ptext23                             text23       1267
__ptext24                             text24       0D2C
__ptext25                             text25       1625
__ptext26                             text26       13D4
__ptext27                             text27       1444
__ptext28                             text28       12B0
__ptext29                             text29       087B
__ptext3                              text3        0803
__ptext30                             text30       1713
__ptext31                             text31       1497
__ptext32                             text32       17AF
__ptext33                             text33       1521
__ptext34                             text34       0E7C
__ptext35                             text35       0824
__ptext36                             text36       0937
__ptext37                             text37       0C00
__ptext38                             text38       05B5
__ptext39                             text39       141E
__ptext4                              text4        02C6
__ptext40                             text40       14F1
__ptext41                             text41       1345
__ptext42                             text42       146C
__ptext43                             text43       12A5
__ptext44                             text44       129A
__ptext45                             text45       1287
__ptext46                             text46       127E
__ptext47                             text47       13B3
__ptext48                             text48       12C6
__ptext49                             text49       12D3
__ptext5                              text5        099C
__ptext50                             text50       12F6
__ptext51                             text51       14C2
__ptext52                             text52       15B9
__ptext53                             text53       16CF
__ptext54                             text54       165C
__ptext6                              text6        1394
__ptext7                              text7        0A67
__ptext8                              text8        053A
__ptext9                              text9        135D
__stringbase                          strings      0800
__stringtab                           strings      07EE
_blink                                bssBANK0     0030
_change_password                      text37       0C00
_check_password                       text34       0E7C
_clcd_print                           text51       14C2
_clcd_putch                           text50       12F6
_clcd_write                           text52       15B9
_clear_log                            text33       1521
_clear_screen                         text49       12D3
_clock_reg                            bssBANK0     0020
_display_dashboard                    text29       087B
_display_log                          text2        0B30
_display_time                         text32       17AF
_download_log                         text24       0D2C
_first_entry                          bssBANK0     0033
_gear                                 dataBANK1    00A0
_i2c_read                             text47       13B3
_i2c_rep_start                        text44       129A
_i2c_start                            text46       127E
_i2c_stop                             text45       1287
_i2c_wait_for_idle                    text48       12C6
_i2c_write                            text43       12A5
_init_adc                             text23       1267
_init_clcd                            text21       12BB
_init_config                          text13       1695
_init_digital_keypad                  text20       1261
_init_display_controller              text22       08D4
_init_ds1307                          text18       12E4
_init_i2c                             text16       1585
_init_password                        text12       13F9
_init_timer2                          text15       1290
_init_uart                            text14       1553
_isr                                  text54       165C
_load_password                        text41       1345
_log                                  bssBANK1     00B6
_log_count                            bssBANK0     0031
_log_event                            text8        053A
_main                                 maintext     004B
_menu                                 dataBANK1    00AC
_menu_screen                          text7        0A67
_nDONE                                (abs)        00FA
_pos                                  bssBANK0     0044
_putchar                              text28       12B0
_puts                                 text27       1444
_read_adc                             text6        1394
_read_digital_keypad                  text5        099C
_read_ds1307                          text31       1497
_read_external_eeprom                 text42       146C
_read_log                             text25       1625
_read_time                            text30       1713
_return_time                          bssBANK0     0034
_save_password                        text39       141E
_secs                                 bssBANK0     002F
_set_time                             text4        02C6
_strcpy                               text3        0803
_strncmp                              text38       05B5
_strncpy                              text10       15EF
_svd_pwd                              bssBANK0     0040
_time                                 bssBANK0     0035
_user_pwd                             bssBANK1     00C5
_view_log                             text1        1760
_write_ds1307                         text19       1376
_write_external_eeprom                text40       14F1
_write_external_eeprom_string         text9        135D
btemp                                 (abs)        007E
btemp0                                (abs)        007E
btemp1                                (abs)        007F
change_password@first_time            dataBANK0    0068
change_password@i                     bssBANK0     0026
change_password@key                   cstackBANK0  004D
change_password@new_pwd               bssBANK0     003C
change_password@re_pwd                bssBANK1     00C1
change_password@stage                 bssBANK0     0025
check_password@attempt                bssBANK0     002E
check_password@i                      bssBANK0     002D
check_password@key                    cstackBANK0  004E
check_password@reset_flag             cstackBANK0  004A
clcd_print@addr                       cstackCOMMON 0078
clcd_print@str                        cstackCOMMON 0076
clcd_putch@addr                       cstackBANK0  0049
clcd_putch@data                       cstackCOMMON 0078
clcd_write@byte                       cstackCOMMON 0075
clcd_write@mode                       cstackCOMMON 0072
clear_log@first_time                  dataBANK0    006A
clear_log@reset_flag                  cstackBANK0  0045
clear_ram0                            clrtext      126E
display_dashboard@event               cstackBANK0  004A
display_dashboard@speed               cstackBANK0  004B
display_log@index                     cstackBANK0  004D
display_log@log                       cstackBANK0  004A
download_log@i                        cstackBANK0  0059
download_log@log                      cstackBANK0  004E
end_of_initialization                 cinit        0047
i2c_read@ack                          cstackCOMMON 0072
i2c_read@data                         cstackCOMMON 0073
i2c_write@data                        cstackCOMMON 0072
init_ds1307@dummy                     cstackCOMMON 0076
init_fetch0                           inittext     131C
init_i2c@baud                         cstackBANK0  004D
init_ram0                             inittext     1320
init_uart@baud                        cstackBANK0  004D
interrupt_function                    intentry     0004
intlevel0                             functab      0000
intlevel1                             functab      0000
intlevel2                             functab      0000
intlevel3                             functab      0000
intlevel4                             functab      0000
intlevel5                             functab      0000
isr@count                             bssBANK0     0023
load_password@i                       cstackCOMMON 0078
load_password@pwd                     cstackCOMMON 0076
log_event@add                         cstackBANK0  004D
log_event@event                       cstackBANK0  0049
log_event@speed                       cstackBANK0  004A
ltemp0a                               (abs)        0080
main@F1233                            dataBANK0    0065
main@event                            cstackBANK0  005D
main@first_time                       bssBANK0     0032
main@gr                               cstackBANK0  0060
main@key                              cstackBANK0  0064
main@menu_pos                         cstackBANK0  005C
main@reset_flag                       cstackBANK0  0062
main@screen_flag                      cstackBANK0  0063
main@speed                            cstackBANK0  0061
menu_screen@key                       cstackBANK0  004A
menu_screen@menu_pos                  bssBANK0     002C
menu_screen@reset_flag                cstackBANK0  004D
menu_screen@select_pos                dataBANK0    006C
putchar@data                          cstackCOMMON 0078
puts@s                                cstackBANK0  0049
read_adc@adc_reg_val                  cstackCOMMON 0075
read_adc@channel                      cstackCOMMON 0077
read_digital_keypad@key               cstackCOMMON 0075
read_digital_keypad@long_press        bssCOMMON    007B
read_digital_keypad@mode              cstackCOMMON 0074
read_digital_keypad@once              dataCOMMON   007A
read_digital_keypad@prev_key          dataCOMMON   0079
read_ds1307@addr                      cstackCOMMON 0074
read_ds1307@data                      cstackCOMMON 0075
read_external_eeprom@address          cstackCOMMON 0074
read_external_eeprom@data             cstackCOMMON 0075
read_log@addr                         cstackBANK0  0048
read_log@i                            cstackBANK0  004A
read_log@index                        cstackBANK0  0047
read_log@log                          cstackCOMMON 0078
reset_vec                             reset_vec    0000
save_password@i                       cstackCOMMON 0078
save_password@pwd                     cstackCOMMON 0077
saved_w                               (abs)        007E
set_time@field                        bssBANK0     002A
set_time@first_time                   dataBANK0    0069
set_time@hour                         bssBANK0     0029
set_time@hr_bcd                       cstackBANK0  0051
set_time@key                          cstackBANK0  0054
set_time@min                          bssBANK0     0028
set_time@min_bcd                      cstackBANK0  0052
set_time@sec                          bssBANK0     0027
set_time@sec_bcd                      cstackBANK0  0053
start                                 init         000C
start_initialization                  cinit        000F
strcpy@d                              cstackCOMMON 0078
strcpy@dest                           cstackCOMMON 0072
strcpy@src                            cstackCOMMON 0073
strncmp@l                             cstackCOMMON 0072
strncmp@n                             cstackCOMMON 0074
strncmp@r                             cstackCOMMON 0073
strncpy@cp                            cstackCOMMON 0077
strncpy@d                             cstackCOMMON 0072
strncpy@n                             cstackCOMMON 0074
strncpy@s                             cstackCOMMON 0073
ttemp0a                               (abs)        007F
view_log@first_time                   dataBANK0    006B
view_log@index                        bssBANK0     002B
view_log@key                          cstackBANK0  0059
view_log@log                          cstackBANK0  004E
write_ds1307@addr                     cstackCOMMON 0074
write_ds1307@data                     cstackCOMMON 0073
write_external_eeprom@address         cstackCOMMON 0074
write_external_eeprom@data            cstackCOMMON 0073
write_external_eeprom@wait            cstackCOMMON 0075
write_external_eeprom_string@addr     cstackCOMMON 0078
write_external_eeprom_string@str      cstackCOMMON 0077
wtemp0                                (abs)        007E
wtemp0a                               (abs)        007F


MODULE INFORMATION

Module		Function		Class		Link	Load	Size
timers.c
		_init_timer2   		CODE           	1290	0000	10

timers.c estimated size: 10

digital_keypad.c
		_init_digital_keypad		CODE           	1261	0000	6
		_read_digital_keypad		CODE           	099C	0000	101

digital_keypad.c estimated size: 107

C:\Program Files\Microchip\xc8\v3.10\pic\sources\c99\common\awmod.c
		___awmod       		CODE           	0824	0000	87

C:\Program Files\Microchip\xc8\v3.10\pic\sources\c99\common\awmod.c estimated size: 87

uart.c
		_init_uart     		CODE           	1553	0000	50
		_puts          		CODE           	1444	0000	40
		_putchar       		CODE           	12B0	0000	11

uart.c estimated size: 101

i2c.c
		_i2c_start     		CODE           	127E	0000	9
		_i2c_rep_start 		CODE           	129A	0000	11
		_i2c_write     		CODE           	12A5	0000	11
		_i2c_stop      		CODE           	1287	0000	9
		_i2c_read      		CODE           	13B3	0000	33
		_init_i2c      		CODE           	1585	0000	52
		_i2c_wait_for_idle		CODE           	12C6	0000	13

i2c.c estimated size: 138

ds1307.c
		_read_ds1307   		CODE           	1497	0000	43
		_write_ds1307  		CODE           	1376	0000	30
		_init_ds1307   		CODE           	12E4	0000	18

ds1307.c estimated size: 91

C:\Program Files\Microchip\xc8\v3.10\pic\sources\c99\common\lwdiv.c
		___lwdiv       		CODE           	16CF	0000	68

C:\Program Files\Microchip\xc8\v3.10\pic\sources\c99\common\lwdiv.c estimated size: 68

C:\Program Files\Microchip\xc8\v3.10\pic\sources\c99\common\awdiv.c
		___awdiv       		CODE           	0937	0000	101

C:\Program Files\Microchip\xc8\v3.10\pic\sources\c99\common\awdiv.c estimated size: 101

helper.c
		_view_log      		CODE           	1760	0000	79
		_read_log      		CODE           	1625	0000	55
		_load_password 		CODE           	1345	0000	24
		_display_log   		CODE           	0B30	0000	208
		_display_time  		CODE           	17AF	0000	81
		_menu_screen   		CODE           	0A67	0000	201
		_change_password		CODE           	0C00	0000	300
		_display_dashboard		CODE           	087B	0000	89
		_check_password		CODE           	0E7C	0000	388
		_download_log  		CODE           	0D2C	0000	336
		_log_event     		CODE           	053A	0000	123
		_set_time      		CODE           	02C6	0000	628
		_read_time     		CODE           	1713	0000	77
		_clear_log     		CODE           	1521	0000	50
		_init_password 		CODE           	13F9	0000	37
		_save_password 		CODE           	141E	0000	38

helper.c estimated size: 2714

adc.c
		_init_adc      		CODE           	1267	0000	7
		_read_adc      		CODE           	1394	0000	31

adc.c estimated size: 38

C:\Program Files\Microchip\xc8\v3.10\pic\sources\c99\common\Umul8.c
		___bmul        		CODE           	1309	0000	19

C:\Program Files\Microchip\xc8\v3.10\pic\sources\c99\common\Umul8.c estimated size: 19

isr.c
		_isr           		CODE           	165C	0000	57

isr.c estimated size: 57

external_eeprom.c
		_write_external_eeprom_string		CODE           	135D	0000	25
		_write_external_eeprom		CODE           	14F1	0000	48
		_read_external_eeprom		CODE           	146C	0000	43

external_eeprom.c estimated size: 116

shared
		__stringtab    		STRING         	07EE	0000	18
		__initialization		CODE           	000F	0000	56

shared estimated size: 74

clcd.c
		_clcd_write    		CODE           	15B9	0000	54
		_clear_screen  		CODE           	12D3	0000	17
		_clcd_print    		CODE           	14C2	0000	47
		_clcd_putch    		CODE           	12F6	0000	19
		_init_display_controller		CODE           	08D4	0000	99
		_init_clcd     		CODE           	12BB	0000	11

clcd.c estimated size: 247

C:\Program Files\Microchip\xc8\v3.10\pic\sources\c99\common\strcpy.c
		_strcpy        		CODE           	0803	0000	33

C:\Program Files\Microchip\xc8\v3.10\pic\sources\c99\common\strcpy.c estimated size: 33

C:\Program Files\Microchip\xc8\v3.10\pic\sources\c99\common\strncmp.c
		_strncmp       		CODE           	05B5	0000	75

C:\Program Files\Microchip\xc8\v3.10\pic\sources\c99\common\strncmp.c estimated size: 75

C:\Program Files\Microchip\xc8\v3.10\pic\sources\c99\common\strncpy.c
		_strncpy       		CODE           	15EF	0000	54

C:\Program Files\Microchip\xc8\v3.10\pic\sources\c99\common\strncpy.c estimated size: 54

C:\Program Files\Microchip\xc8\v3.10\pic\sources\c99\common\__lldiv.c
		___lldiv       		CODE           	0A01	0000	102

C:\Program Files\Microchip\xc8\v3.10\pic\sources\c99\common\__lldiv.c estimated size: 102

main.c
		_main          		CODE           	004B	0000	635
		_init_config   		CODE           	1695	0000	58

main.c estimated size: 693

C:\Program Files\Microchip\xc8\v3.10\pic\sources\c99\common\Umul16.c
		___wmul        		CODE           	13D4	0000	37

C:\Program Files\Microchip\xc8\v3.10\pic\sources\c99\common\Umul16.c estimated size: 37

